// Jest Snapshot v1, https://goo.gl/fbAQLP

exports[`Testing BooksPagination component renders correctly 1`] = `
<Pagination
  aria-label='pagination'
  listTag='ul'
  tag='nav'
>
  <PaginationItem
    disabled={true}
    id='paginate-prev'
    onClick={[Function]}
    tag='li'
  >
    <PaginationLink
      previous={true}
      tag='a'
    />
  </PaginationItem>
  <PaginationItem
    key='1'
    onClick={[Function]}
    tag='li'
  >
    <PaginationLink
      className='active-page'
      tag='a'
    >
      1
    </PaginationLink>
  </PaginationItem>
  <PaginationItem
    key='2'
    onClick={[Function]}
    tag='li'
  >
    <PaginationLink
      className=''
      tag='a'
    >
      2
    </PaginationLink>
  </PaginationItem>
  <PaginationItem
    key='3'
    onClick={[Function]}
    tag='li'
  >
    <PaginationLink
      className=''
      tag='a'
    >
      3
    </PaginationLink>
  </PaginationItem>
  <PaginationItem
    disabled={false}
    id='paginate-next'
    onClick={[Function]}
    tag='li'
  >
    <PaginationLink
      next={true}
      tag='a'
    />
  </PaginationItem>
</Pagination>
`;
