// Jest Snapshot v1, https://goo.gl/fbAQLP

exports[`App renders correctly 1`] = `
<Fragment>
  <Header />
  <ToastContainer
    autoClose={5000}
    closeButton={[Function]}
    closeOnClick={true}
    draggable={true}
    draggablePercent={80}
    hideProgressBar={false}
    newestOnTop={false}
    pauseOnFocusLoss={true}
    pauseOnHover={true}
    position='top-right'
    role='alert'
    rtl={false}
    transition={[Function]}
  />
  <div
    className='wrapper'
  >
    <Switch>
      <Route
        component={[Function]}
        exact={true}
        path='/'
      />
      <Route
        component={
          Object {
            '$$typeof': Symbol(react.memo),
            'WrappedComponent': [Function],
            'compare': null,
            'type': [Function],
          }
        }
        exact={true}
        path='/books'
      />
      <Route
        component={
          Object {
            '$$typeof': Symbol(react.memo),
            'WrappedComponent': [Function],
            'compare': null,
            'type': [Function],
          }
        }
        exact={true}
        path='/books/create'
      />
      <Route
        component={
          Object {
            '$$typeof': Symbol(react.memo),
            'WrappedComponent': [Function],
            'compare': null,
            'type': [Function],
          }
        }
        exact={true}
        path='/books/:id'
      />
      <Route
        component={
          Object {
            '$$typeof': Symbol(react.memo),
            'WrappedComponent': [Function],
            'compare': null,
            'type': [Function],
          }
        }
        exact={true}
        path='/books/:id/update'
      />
    </Switch>
  </div>
  <Footer />
</Fragment>
`;
